Sat Sep 12 23:35:52 2026       
+-----------------------------------------------------------------------------------------+
| NVIDIA-SMI 580.82.07              Driver Version: 580.82.07      CUDA Version: 13.0     |
+-----------------------------------------+------------------------+----------------------+
| GPU  Name                 Persistence-M | Bus-Id          Disp.A | Volatile Uncorr. ECC |
| Fan  Temp   Perf          Pwr:Usage/Cap |           Memory-Usage | GPU-Util  Compute M. |
|                                         |                        |               MIG M. |
|=========================================+========================+======================|
|   0  NVIDIA H200                    On  |   00000000:B9:00.0 Off |                    0 |
| N/A   20C    P0             76W /  700W |       0MiB / 143771MiB |      0%      Default |
|                                         |                        |             Disabled |
+-----------------------------------------+------------------------+----------------------+

+-----------------------------------------------------------------------------------------+
| Processes:                                                                              |
|  GPU   GI   CI              PID   Type   Process name                        GPU Memory |
|        ID   ID                                                               Usage      |
|=========================================================================================|
|  No running processes found                                                             |
+-----------------------------------------------------------------------------------------+
START 1/264 /scratch/ft2335/dataset/experiments/complexvcoder/afifo/functional/attempt-001
DONE 1/264 {'modules': ['afifo'], 'inferred_top_modules': ['afifo'], 'expected_top_once': True, 'lexical_single_top_ok': True, 'module_end_counts_match': True, 'diagnostic_only': True, 'rtl_repaired': False}
START 2/264 /scratch/ft2335/dataset/experiments/complexvcoder/afifo/functional/attempt-002
DONE 2/264 {'modules': ['afifo'], 'inferred_top_modules': ['afifo'], 'expected_top_once': True, 'lexical_single_top_ok': True, 'module_end_counts_match': True, 'diagnostic_only': True, 'rtl_repaired': False}
START 3/264 /scratch/ft2335/dataset/experiments/complexvcoder/afifo/functional/attempt-003
DONE 3/264 {'modules': ['afifo'], 'inferred_top_modules': ['afifo'], 'expected_top_once': True, 'lexical_single_top_ok': True, 'module_end_counts_match': True, 'diagnostic_only': True, 'rtl_repaired': False}
START 4/264 /scratch/ft2335/dataset/experiments/complexvcoder/afifo/cdc_explicit/attempt-001
DONE 4/264 {'modules': ['afifo'], 'inferred_top_modules': ['afifo'], 'expected_top_once': True, 'lexical_single_top_ok': True, 'module_end_counts_match': True, 'diagnostic_only': True, 'rtl_repaired': False}
START 5/264 /scratch/ft2335/dataset/experiments/complexvcoder/afifo/cdc_explicit/attempt-002
DONE 5/264 {'modules': ['afifo'], 'inferred_top_modules': ['afifo'], 'expected_top_once': True, 'lexical_single_top_ok': True, 'module_end_counts_match': True, 'diagnostic_only': True, 'rtl_repaired': False}
START 6/264 /scratch/ft2335/dataset/experiments/complexvcoder/afifo/cdc_explicit/attempt-003
DONE 6/264 {'modules': ['afifo'], 'inferred_top_modules': ['afifo'], 'expected_top_once': True, 'lexical_single_top_ok': True, 'module_end_counts_match': True, 'diagnostic_only': True, 'rtl_repaired': False}
START 7/264 /scratch/ft2335/dataset/experiments/complexvcoder/apb_cdc/functional/attempt-001
DONE 7/264 {'modules': ['apb_cdc'], 'inferred_top_modules': ['apb_cdc'], 'expected_top_once': True, 'lexical_single_top_ok': True, 'module_end_counts_match': True, 'diagnostic_only': True, 'rtl_repaired': False}
START 8/264 /scratch/ft2335/dataset/experiments/complexvcoder/apb_cdc/functional/attempt-002
DONE 8/264 {'modules': ['apb_cdc'], 'inferred_top_modules': ['apb_cdc'], 'expected_top_once': True, 'lexical_single_top_ok': True, 'module_end_counts_match': True, 'diagnostic_only': True, 'rtl_repaired': False}
START 9/264 /scratch/ft2335/dataset/experiments/complexvcoder/apb_cdc/functional/attempt-003
DONE 9/264 {'modules': ['apb_cdc'], 'inferred_top_modules': ['apb_cdc'], 'expected_top_once': True, 'lexical_single_top_ok': True, 'module_end_counts_match': True, 'diagnostic_only': True, 'rtl_repaired': False}
START 10/264 /scratch/ft2335/dataset/experiments/complexvcoder/apb_cdc/cdc_explicit/attempt-001
DONE 10/264 {'modules': ['apb_cdc'], 'inferred_top_modules': ['apb_cdc'], 'expected_top_once': True, 'lexical_single_top_ok': True, 'module_end_counts_match': True, 'diagnostic_only': True, 'rtl_repaired': False}
START 11/264 /scratch/ft2335/dataset/experiments/complexvcoder/apb_cdc/cdc_explicit/attempt-002
DONE 11/264 {'modules': ['apb_cdc'], 'inferred_top_modules': ['apb_cdc'], 'expected_top_once': True, 'lexical_single_top_ok': True, 'module_end_counts_match': True, 'diagnostic_only': True, 'rtl_repaired': False}
START 12/264 /scratch/ft2335/dataset/experiments/complexvcoder/apb_cdc/cdc_explicit/attempt-003
DONE 12/264 {'modules': ['apb_cdc'], 'inferred_top_modules': ['apb_cdc'], 'expected_top_once': True, 'lexical_single_top_ok': True, 'module_end_counts_match': True, 'diagnostic_only': True, 'rtl_repaired': False}
START 13/264 /scratch/ft2335/dataset/experiments/complexvcoder/apb_regs/functional/attempt-001
DONE 13/264 {'modules': ['apb_regs'], 'inferred_top_modules': ['apb_regs'], 'expected_top_once': True, 'lexical_single_top_ok': True, 'module_end_counts_match': True, 'diagnostic_only': True, 'rtl_repaired': False}
START 14/264 /scratch/ft2335/dataset/experiments/complexvcoder/apb_regs/functional/attempt-002
DONE 14/264 {'modules': ['apb_regs'], 'inferred_top_modules': ['apb_regs'], 'expected_top_once': True, 'lexical_single_top_ok': True, 'module_end_counts_match': True, 'diagnostic_only': True, 'rtl_repaired': False}
START 15/264 /scratch/ft2335/dataset/experiments/complexvcoder/apb_regs/functional/attempt-003
DONE 15/264 {'modules': ['apb_regs'], 'inferred_top_modules': ['apb_regs'], 'expected_top_once': True, 'lexical_single_top_ok': True, 'module_end_counts_match': True, 'diagnostic_only': True, 'rtl_repaired': False}
START 16/264 /scratch/ft2335/dataset/experiments/complexvcoder/apb_regs/cdc_explicit/attempt-001
DONE 16/264 {'modules': ['apb_regs'], 'inferred_top_modules': ['apb_regs'], 'expected_top_once': True, 'lexical_single_top_ok': True, 'module_end_counts_match': True, 'diagnostic_only': True, 'rtl_repaired': False}
START 17/264 /scratch/ft2335/dataset/experiments/complexvcoder/apb_regs/cdc_explicit/attempt-002
DONE 17/264 {'modules': ['apb_regs'], 'inferred_top_modules': ['apb_regs'], 'expected_top_once': True, 'lexical_single_top_ok': True, 'module_end_counts_match': True, 'diagnostic_only': True, 'rtl_repaired': False}
START 18/264 /scratch/ft2335/dataset/experiments/complexvcoder/apb_regs/cdc_explicit/attempt-003
DONE 18/264 {'modules': ['apb_regs'], 'inferred_top_modules': ['apb_regs'], 'expected_top_once': True, 'lexical_single_top_ok': True, 'module_end_counts_match': True, 'diagnostic_only': True, 'rtl_repaired': False}
START 19/264 /scratch/ft2335/dataset/experiments/complexvcoder/apbslave/functional/attempt-001
DONE 19/264 {'modules': ['apbslave'], 'inferred_top_modules': ['apbslave'], 'expected_top_once': True, 'lexical_single_top_ok': True, 'module_end_counts_match': True, 'diagnostic_only': True, 'rtl_repaired': False}
START 20/264 /scratch/ft2335/dataset/experiments/complexvcoder/apbslave/functional/attempt-002
DONE 20/264 {'modules': ['apbslave'], 'inferred_top_modules': ['apbslave'], 'expected_top_once': True, 'lexical_single_top_ok': True, 'module_end_counts_match': True, 'diagnostic_only': True, 'rtl_repaired': False}
START 21/264 /scratch/ft2335/dataset/experiments/complexvcoder/apbslave/functional/attempt-003
DONE 21/264 {'modules': ['apbslave'], 'inferred_top_modules': ['apbslave'], 'expected_top_once': True, 'lexical_single_top_ok': True, 'module_end_counts_match': True, 'diagnostic_only': True, 'rtl_repaired': False}
START 22/264 /scratch/ft2335/dataset/experiments/complexvcoder/apbslave/cdc_explicit/attempt-001
DONE 22/264 {'modules': ['apbslave'], 'inferred_top_modules': ['apbslave'], 'expected_top_once': True, 'lexical_single_top_ok': True, 'module_end_counts_match': True, 'diagnostic_only': True, 'rtl_repaired': False}
START 23/264 /scratch/ft2335/dataset/experiments/complexvcoder/apbslave/cdc_explicit/attempt-002
DONE 23/264 {'modules': ['apbslave'], 'inferred_top_modules': ['apbslave'], 'expected_top_once': True, 'lexical_single_top_ok': True, 'module_end_counts_match': True, 'diagnostic_only': True, 'rtl_repaired': False}
START 24/264 /scratch/ft2335/dataset/experiments/complexvcoder/apbslave/cdc_explicit/attempt-003
DONE 24/264 {'modules': ['apbslave'], 'inferred_top_modules': ['apbslave'], 'expected_top_once': True, 'lexical_single_top_ok': True, 'module_end_counts_match': True, 'diagnostic_only': True, 'rtl_repaired': False}
START 25/264 /scratch/ft2335/dataset/experiments/complexvcoder/apbxclk/functional/attempt-001
DONE 25/264 {'modules': ['apbxclk'], 'inferred_top_modules': ['apbxclk'], 'expected_top_once': True, 'lexical_single_top_ok': True, 'module_end_counts_match': True, 'diagnostic_only': True, 'rtl_repaired': False}
START 26/264 /scratch/ft2335/dataset/experiments/complexvcoder/apbxclk/functional/attempt-002
DONE 26/264 {'modules': ['apbxclk'], 'inferred_top_modules': ['apbxclk'], 'expected_top_once': True, 'lexical_single_top_ok': True, 'module_end_counts_match': True, 'diagnostic_only': True, 'rtl_repaired': False}
START 27/264 /scratch/ft2335/dataset/experiments/complexvcoder/apbxclk/functional/attempt-003
DONE 27/264 {'modules': ['apbxclk'], 'inferred_top_modules': ['apbxclk'], 'expected_top_once': True, 'lexical_single_top_ok': True, 'module_end_counts_match': True, 'diagnostic_only': True, 'rtl_repaired': False}
START 28/264 /scratch/ft2335/dataset/experiments/complexvcoder/apbxclk/cdc_explicit/attempt-001
